#-----------------------------------------------------------
# Vivado v2025.1.1 (64-bit)
# SW Build 6233196 on Thu Sep 11 21:27:30 MDT 2025
# IP Build 6232796 on Fri Sep 12 01:46:16 MDT 2025
# SharedData Build 6233195 on Thu Sep 11 17:56:43 MDT 2025
# Start of session at: Tue Feb  3 12:06:02 2026
# Process ID         : 25948
# Current directory  : D:/DesignData/Design/FPGA/encoder0x1/encoder0x1/encoder0x1.runs/synth_1
# Command line       : vivado.exe -log raw_encode_decode_bb.vds -product Vivado -mode batch -messageDb vivado.pb -notrace -source raw_encode_decode_bb.tcl
# Log file           : D:/DesignData/Design/FPGA/encoder0x1/encoder0x1/encoder0x1.runs/synth_1/raw_encode_decode_bb.vds
# Journal file       : D:/DesignData/Design/FPGA/encoder0x1/encoder0x1/encoder0x1.runs/synth_1\vivado.jou
# Running On         : Kratos
# Platform           : Windows Server 2016 or Windows 10
# Operating System   : 26200
# Processor Detail   : 12th Gen Intel(R) Core(TM) i9-12950HX
# CPU Frequency      : 2496 MHz
# CPU Physical cores : 16
# CPU Logical cores  : 24
# Host memory        : 137088 MB
# Swap memory        : 8589 MB
# Total Virtual      : 145678 MB
# Available Virtual  : 111372 MB
#-----------------------------------------------------------
source raw_encode_decode_bb.tcl -notrace
